// Jest Snapshot v1, https://goo.gl/fbAQLP

exports[`CartProductCard test Match snapshot 1`] = `
Object {
  "debug": [Function],
  "findAllByAltText": [Function],
  "findAllByDisplayValue": [Function],
  "findAllByLabelText": [Function],
  "findAllByPlaceholderText": [Function],
  "findAllByRole": [Function],
  "findAllByTestId": [Function],
  "findAllByText": [Function],
  "findAllByTitle": [Function],
  "findByAltText": [Function],
  "findByDisplayValue": [Function],
  "findByLabelText": [Function],
  "findByPlaceholderText": [Function],
  "findByRole": [Function],
  "findByTestId": [Function],
  "findByText": [Function],
  "findByTitle": [Function],
  "getAllByAltText": [Function],
  "getAllByDisplayValue": [Function],
  "getAllByLabelText": [Function],
  "getAllByPlaceholderText": [Function],
  "getAllByRole": [Function],
  "getAllByTestId": [Function],
  "getAllByText": [Function],
  "getAllByTitle": [Function],
  "getByAltText": [Function],
  "getByDisplayValue": [Function],
  "getByLabelText": [Function],
  "getByPlaceholderText": [Function],
  "getByRole": [Function],
  "getByTestId": [Function],
  "getByText": [Function],
  "getByTitle": [Function],
  "logTestingPlaygroundURL": [Function],
  "queryAllByAltText": [Function],
  "queryAllByDisplayValue": [Function],
  "queryAllByLabelText": [Function],
  "queryAllByPlaceholderText": [Function],
  "queryAllByRole": [Function],
  "queryAllByTestId": [Function],
  "queryAllByText": [Function],
  "queryAllByTitle": [Function],
  "queryByAltText": [Function],
  "queryByDisplayValue": [Function],
  "queryByLabelText": [Function],
  "queryByPlaceholderText": [Function],
  "queryByRole": [Function],
  "queryByTestId": [Function],
  "queryByText": [Function],
  "queryByTitle": [Function],
}
`;

exports[`CartProductCard tests Match snapshot 1`] = `
<div
  class="px-2 py-3 border rounded d-flex flex-row align-items-center text-decoration-none text-black"
  data-testid="cart-product-card"
>
  <a
    class="w-100 d-flex flex-row text-decoration-none text-black"
    href="/product/undefined"
  >
    <div
      class="bg-image rounded align-self-center"
      style="height: 64px; width: 64px; background-image: url(icons8-image-48.png); background-position: center; background-size: contain; background-repeat: no-repeat;"
    />
    <div
      class="flex-column ms-2"
    >
      <h6
        class="mt-2"
      />
      <p
        class="my-0"
      >
        Price: 
      </p>
    </div>
  </a>
  <div
    class="ml-3 d-flex gap-2"
  >
    <div
      class="d-flex"
    >
      <button
        class="btn btn-outline-dark"
        data-testid="minus-btn"
        type="button"
      >
        -
      </button>
      <input
        class="form-control"
        data-testid="quantity-field"
        placeholder="Quantity"
        type="number"
        value="1"
      />
      <button
        class="btn btn-outline-dark"
        data-testid="plus-btn"
        type="button"
      >
        +
      </button>
    </div>
    <button
      class="d-flex rounded btn btn-outline-dark"
      data-testid="remove-btn"
      type="button"
    >
      <i
        class="bi bi-x"
      />
       
      Remove
    </button>
  </div>
</div>
`;
