// Jest Snapshot v1, https://goo.gl/fbAQLP

exports[`Basic tests Match snapshot 1`] = `
<a
  class="px-2 py-3 d-flex flex-row align-items-center text-decoration-none text-black"
  data-testid="order-product-card"
  href="/product/undefined"
>
  <div
    class="w-100 d-flex flex-row"
  >
    <div
      class="bg-image rounded align-self-center"
      style="height: 128px; width: 128px; background-image: url(icons8-image-48.png); background-position: center; background-size: contain; background-repeat: no-repeat;"
    />
    <div
      class="flex-column align-self-center ms-2"
    >
      <h6
        class="my-0"
      />
      <p
        class="my-0"
      >
        Quantity: 
        1
      </p>
    </div>
  </div>
  <div
    class="ml-3 d-flex gap-2"
  >
    <h6>
      Price: $
    </h6>
  </div>
</a>
`;
