// Jest Snapshot v1, https://goo.gl/fbAQLP

exports[`Basic tests Match snapshot 1`] = `
<form
  class=""
  data-testid="login-form"
  novalidate=""
>
  <div
    class="modal-header"
  >
    <div
      class="modal-title h4"
      id="contained-modal-title-vcenter"
    >
      Login
    </div>
  </div>
  <div
    class="modal-body"
  >
    <div
      class="mb-3"
    >
      <div
        class="col"
        data-testid="form-text-field"
      >
        <label
          class="form-label"
          for="formBasicUsername"
        >
          Username
        </label>
        <div
          class="input-group"
        >
          <input
            class="rounded form-control"
            id="formBasicUsername"
            name="username"
            placeholder="Enter username"
            type="text"
            value=""
          />
          <div
            class="invalid-feedback"
          />
        </div>
      </div>
    </div>
    <div
      class="mb-3"
    >
      <div
        class="col"
        data-testid="form-text-field"
      >
        <label
          class="form-label"
          for="formBasicPassword"
        >
          Password
        </label>
        <div
          class="input-group"
        >
          <input
            class="rounded form-control"
            id="formBasicPassword"
            name="password"
            placeholder="Enter password"
            type="password"
            value=""
          />
          <div
            class="invalid-feedback"
          />
        </div>
      </div>
    </div>
    <div
      class="mb-3"
    >
      <div
        class="form-check"
      >
        <input
          class="form-check-input"
          id="formBasicCheckbox"
          name="terms"
          type="checkbox"
        />
        <label
          class="form-check-label"
          for="formBasicCheckbox"
          title=""
        >
          Do not remember session on this computer
        </label>
      </div>
    </div>
    <h6
      class="text-danger"
    />
  </div>
  <div
    class="d-flex justify-content-between modal-footer"
  >
    <a
      as="[object Object]"
      href="/"
    >
      Doesn't have an account?
    </a>
    <button
      class="btn btn-primary"
      type="submit"
    >
      Login
    </button>
  </div>
</form>
`;
